Constructor called
Hello
Destructe called
Constructor called
Hello
Destructe called
Constructor called
Hello
Destructe called
Constructor called
Hello
Destructe called
Constructor called
Hello
Destructe called
Constructor called
Hello
Destructe called
Constructor called
Hello
Destructe called
Constructor called
Hello
Destructe called
Constructor called
Hello
Destructe called
Constructor called
Hello
Destructe called
Constructor called
Hello
Destructe called
Constructor called
Hello
Destructe called
Constructor called
Hello
Destructe called
Constructor called
Hello
Destructe called
Constructor called
Hello
Destructe called
Constructor called
Hello
Destructe called
Constructor called
Hello
Destructe called
Constructor called
Hello
Destructe called
Constructor called
Hello
Destructe called
Constructor called
Hello
Destructe called
